[
  {
    "id": "907bc887-c78e-47cd-a538-6a2d86564f8e",
    "type": "paragraph",
    "props": {
      "textColor": "red",
      "backgroundColor": "default",
      "textAlignment": "left"
    },
    "content": [
      {
        "type": "text",
        "text": "Paragraph",
        "styles": {}
      }
    ],
    "children": []
  },
  {
    "id": "d40579fe-1e17-4a97-9d87-fc61f2ddff98",
    "type": "heading",
    "props": {
      "textColor": "default",
      "backgroundColor": "default",
      "textAlignment": "left",
      "level": 2
    },
    "content": [
      {
        "type": "text",
        "text": "Heading",
        "styles": {}
      }
    ],
    "children": []
  },
  {
    "id": "374ea05b-2ae0-4b57-a141-910ca0d56203",
    "type": "numberedListItem",
    "props": {
      "textColor": "default",
      "backgroundColor": "default",
      "textAlignment": "left",
      "start": 2
    },
    "content": [
      {
        "type": "text",
        "text": "Numbered List Item",
        "styles": {}
      }
    ],
    "children": []
  },
  {
    "id": "2d285dd8-9f38-4191-913b-b6ae547713ff",
    "type": "bulletListItem",
    "props": {
      "textColor": "default",
      "backgroundColor": "red",
      "textAlignment": "left"
    },
    "content": [
      {
        "type": "text",
        "text": "Bullet List Item",
        "styles": {}
      }
    ],
    "children": []
  },
  {
    "id": "2ad5bdaf-31c9-47c2-ba02-cf6827b4c858",
    "type": "checkListItem",
    "props": {
      "textColor": "default",
      "backgroundColor": "default",
      "textAlignment": "left",
      "checked": true
    },
    "content": [
      {
        "type": "text",
        "text": "Check List Item",
        "styles": {}
      }
    ],
    "children": []
  },
  {
    "id": "979258b0-0df5-4b7c-8a38-a7576d4a1de2",
    "type": "codeBlock",
    "props": {
      "language": "typescript"
    },
    "content": [
      {
        "type": "text",
        "text": "console.log(\"Hello World\");",
        "styles": {}
      }
    ],
    "children": []
  },
  {
    "id": "af6fc0ee-b997-4c0c-b454-ebb2b43b4d43",
    "type": "table",
    "props": {
      "textColor": "default"
    },
    "content": {
      "type": "tableContent",
      "columnWidths": [
        null,
        null,
        null
      ],
      "rows": [
        {
          "cells": [
            [
              {
                "type": "text",
                "text": "Table Cell",
                "styles": {}
              }
            ],
            [
              {
                "type": "text",
                "text": "Table Cell",
                "styles": {}
              }
            ],
            [
              {
                "type": "text",
                "text": "Table Cell",
                "styles": {}
              }
            ]
          ]
        },
        {
          "cells": [
            [
              {
                "type": "text",
                "text": "Table Cell",
                "styles": {}
              }
            ],
            [
              {
                "type": "text",
                "text": "Table Cell",
                "styles": {}
              }
            ],
            [
              {
                "type": "text",
                "text": "Table Cell",
                "styles": {}
              }
            ]
          ]
        },
        {
          "cells": [
            [
              {
                "type": "text",
                "text": "Table Cell",
                "styles": {}
              }
            ],
            [
              {
                "type": "text",
                "text": "Table Cell",
                "styles": {}
              }
            ],
            [
              {
                "type": "text",
                "text": "Table Cell",
                "styles": {}
              }
            ]
          ]
        }
      ]
    },
    "children": []
  },
  {
    "id": "1fd363b8-b843-4a69-982f-acaf24f25f7f",
    "type": "image",
    "props": {
      "backgroundColor": "default",
      "textAlignment": "left",
      "name": "1280px-Placeholder_view_vector.svg.png",
      "url": "https://upload.wikimedia.org/wikipedia/commons/thumb/3/3f/Placeholder_view_vector.svg/1280px-Placeholder_view_vector.svg.png",
      "caption": "",
      "showPreview": true,
      "previewWidth": 512
    },
    "children": []
  }
]